// Jest Snapshot v1, https://goo.gl/fbAQLP

exports[`deleted binary file parse \`deleted-binary-file\` 1`] = `
{
  "files": [
    {
      "chunks": [
        {
          "pathAfter": "/dev/null",
          "pathBefore": "file1",
          "type": "BinaryFilesChunk",
        },
      ],
      "path": "file1",
      "type": "DeletedFile",
    },
  ],
  "type": "GitDiff",
}
`;
