// Jest Snapshot v1, https://goo.gl/fbAQLP

exports[`deleted-file parse \`deleted-file\` 1`] = `
{
  "files": [
    {
      "chunks": [
        {
          "changes": [
            {
              "content": "newfile",
              "lineBefore": 1,
              "type": "DeletedLine",
            },
          ],
          "context": undefined,
          "fromFileRange": {
            "lines": 1,
            "start": 1,
          },
          "toFileRange": {
            "lines": 0,
            "start": 0,
          },
          "type": "Chunk",
        },
      ],
      "path": "newfile.md",
      "type": "DeletedFile",
    },
  ],
  "type": "GitDiff",
}
`;
