// Jest Snapshot v1, https://goo.gl/fbAQLP

exports[`new-file parse \`new-file\` 1`] = `
{
  "files": [
    {
      "chunks": [
        {
          "changes": [
            {
              "content": "newfile",
              "lineAfter": 1,
              "type": "AddedLine",
            },
          ],
          "context": undefined,
          "fromFileRange": {
            "lines": 0,
            "start": 0,
          },
          "toFileRange": {
            "lines": 1,
            "start": 1,
          },
          "type": "Chunk",
        },
      ],
      "path": "newfile.md",
      "type": "AddedFile",
    },
  ],
  "type": "GitDiff",
}
`;
