// Jest Snapshot v1, https://jestjs.io/docs/snapshot-testing

exports[`renamed-empty parse \`renamed-empty\` 1`] = `
{
  "files": [
    {
      "chunks": [],
      "newMode": undefined,
      "oldMode": undefined,
      "pathAfter": "src/renamed-empty",
      "pathBefore": "src/empty",
      "type": "RenamedFile",
    },
  ],
  "type": "GitDiff",
}
`;
