// Jest Snapshot v1, https://jestjs.io/docs/snapshot-testing

exports[`unified parse \`unified 1`] = `
{
  "files": [
    {
      "chunks": [
        {
          "changes": [
            {
              "content": "ddd",
              "lineAfter": 3,
              "type": "AddedLine",
            },
          ],
          "context": "bbb",
          "fromFileRange": {
            "lines": 0,
            "start": 2,
          },
          "toFileRange": {
            "lines": 1,
            "start": 3,
          },
          "type": "Chunk",
        },
      ],
      "newMode": undefined,
      "oldMode": undefined,
      "path": "test.txt",
      "type": "ChangedFile",
    },
  ],
  "type": "GitDiff",
}
`;
