// Jest Snapshot v1, https://goo.gl/fbAQLP

exports[`parseChanges should parse changes. 1`] = `
Array [
  Object {
    "content": "unchanged",
    "lineAfter": 1,
    "lineBefore": 1,
    "type": "Unchanged",
  },
  Object {
    "content": "-deleted line",
    "lineAfter": 2,
    "lineBefore": 2,
    "type": "Unchanged",
  },
  Object {
    "content": "+added line",
    "lineAfter": 3,
    "lineBefore": 3,
    "type": "Unchanged",
  },
  Object {
    "content": "unchanged",
    "lineAfter": 4,
    "lineBefore": 4,
    "type": "Unchanged",
  },
]
`;
