// Jest Snapshot v1, https://goo.gl/fbAQLP

exports[`parseGitDiff deleted file 1`] = `
Object {
  "files": Array [],
  "type": "GitDiff",
}
`;

exports[`parseGitDiff new file. 1`] = `
Object {
  "files": Array [],
  "type": "GitDiff",
}
`;

exports[`parseGitDiff rename 1`] = `
Object {
  "files": Array [
    Object {
      "chunks": Array [],
      "pathAfter": "parse-git-diff-test/ts.json",
      "pathBefore": "parse-git-diff-test/tsconfig.json",
      "type": "RenamedFile",
    },
  ],
  "type": "GitDiff",
}
`;
