// Jest Snapshot v1, https://goo.gl/fbAQLP

exports[`parseChunkHeader should parse normal chunk header. 1`] = `
Array [
  Object {
    "chunks": Array [
      Object {
        "changes": Array [
          Object {
            "content": "node_modules",
            "lineAfter": 1,
            "lineBefore": 1,
            "type": "UnchangedLine",
          },
          Object {
            "content": "build",
            "lineAfter": 2,
            "lineBefore": 2,
            "type": "UnchangedLine",
          },
          Object {
            "content": "coverage",
            "lineAfter": 3,
            "type": "AddedLine",
          },
        ],
        "rangeAfter": Object {
          "lines": 3,
          "start": 1,
        },
        "rangeBefore": Object {
          "lines": 2,
          "start": 1,
        },
        "type": "Chunk",
      },
    ],
    "path": ".gitignore",
    "type": "ChangedFile",
  },
  Object {
    "chunks": Array [
      Object {
        "changes": Array [
          Object {
            "content": "# parse-git-diff",
            "lineBefore": 1,
            "type": "DeletedLine",
          },
        ],
        "rangeAfter": Object {
          "lines": 0,
          "start": 0,
        },
        "rangeBefore": Object {
          "lines": 1,
          "start": 1,
        },
        "type": "Chunk",
      },
    ],
    "path": "README.md",
    "type": "DeletedFile",
  },
]
`;
